// Jest Snapshot v1, https://goo.gl/fbAQLP

exports[`Tour renderPanel 1`] = `
<div
  style="margin: 20px;"
>
  <button>
    按钮
  </button>
</div>
`;

exports[`Tour should update position when window resize 1`] = `
<body>
  <div>
    <div
      style="width: 100%;"
    >
      <button
        class="btn2"
      >
        按钮
      </button>
    </div>
  </div>
  <div
    style="position: absolute; top: 0px; left: 0px; width: 100%;"
  >
    <div>
      <div
        class="rc-tour"
        style="z-index: 1090; opacity: 0;"
      >
        <div
          class="rc-tour-content"
        >
          <div
            class="rc-tour-arrow"
          />
          <div
            class="rc-tour-inner"
          >
            <button
              aria-label="Close"
              class="rc-tour-close"
              type="button"
            >
              <span
                class="rc-tour-close-x"
              >
                ×
              </span>
            </button>
            <div
              class="rc-tour-header"
            >
              <div
                class="rc-tour-title"
              >
                创建
              </div>
            </div>
            <div
              class="rc-tour-description"
            >
              创建一条数据
            </div>
            <div
              class="rc-tour-footer"
            >
              <div
                class="rc-tour-sliders"
              />
              <div
                class="rc-tour-buttons"
              >
                <button
                  class="rc-tour-finish-btn"
                >
                  Finish
                </button>
              </div>
            </div>
          </div>
        </div>
      </div>
    </div>
  </div>
  <div>
    <div
      class="rc-tour-target-placeholder"
      style="left: 9px; top: 4px; width: 242px; height: 192px; position: fixed; pointer-events: none;"
    />
  </div>
  <div>
    <div
      class="rc-tour-mask"
      style="position: fixed; left: 0px; right: 0px; top: 0px; bottom: 0px; z-index: 900; pointer-events: none;"
    >
      <svg
        style="width: 100%; height: 100%;"
      >
        <defs>
          <mask
            id="rc-tour-mask-test-id"
          >
            <rect
              fill="white"
              height="100%"
              width="100%"
              x="0"
              y="0"
            />
            <rect
              class=""
              fill="black"
              height="192"
              rx="2"
              width="242"
              x="9"
              y="4"
            />
          </mask>
        </defs>
        <rect
          fill="rgba(0,0,0,0.5)"
          height="100%"
          mask="url(#rc-tour-mask-test-id)"
          width="100%"
          x="0"
          y="0"
        />
        <rect
          fill="transparent"
          height="4"
          pointer-events="auto"
          width="100%"
          x="0"
          y="0"
        />
        <rect
          fill="transparent"
          height="100%"
          pointer-events="auto"
          width="9"
          x="0"
          y="0"
        />
        <rect
          fill="transparent"
          height="calc(100vh - 196px)"
          pointer-events="auto"
          width="100%"
          x="0"
          y="196"
        />
        <rect
          fill="transparent"
          height="100%"
          pointer-events="auto"
          width="calc(100vw - 251px)"
          x="251"
          y="0"
        />
      </svg>
    </div>
  </div>
</body>
`;

exports[`Tour single 1`] = `
<div
  style="margin: 20px;"
>
  <button>
    按钮
  </button>
</div>
`;
